// Jest Snapshot v1, https://goo.gl/fbAQLP

exports[`when applied with \`algorithm\` option matches snapshot for \`{Function}\` value: assets 1`] = `
Array [
  "1.async.9ada34e1a37e6db8ef40.js",
  "1.async.9ada34e1a37e6db8ef40.js.gz",
  "5b1f36bc41ab31f5b801d48ba1d65781.png",
  "5b1f36bc41ab31f5b801d48ba1d65781.png.gz",
  "96621d3c37d96ad3bf792fcc848d912f.svg",
  "96621d3c37d96ad3bf792fcc848d912f.svg.gz",
  "js.f0111e97a13538df48f2.js",
  "js.f0111e97a13538df48f2.js.gz",
]
`;

exports[`when applied with \`algorithm\` option matches snapshot for \`{Function}\` value: errors 1`] = `Array []`;

exports[`when applied with \`algorithm\` option matches snapshot for \`{Function}\` value: warnings 1`] = `Array []`;

exports[`when applied with \`algorithm\` option matches snapshot for \`gzip\` value: assets 1`] = `
Array [
  "1.async.9ada34e1a37e6db8ef40.js",
  "1.async.9ada34e1a37e6db8ef40.js.gz",
  "5b1f36bc41ab31f5b801d48ba1d65781.png",
  "5b1f36bc41ab31f5b801d48ba1d65781.png.gz",
  "96621d3c37d96ad3bf792fcc848d912f.svg",
  "96621d3c37d96ad3bf792fcc848d912f.svg.gz",
  "js.f0111e97a13538df48f2.js",
  "js.f0111e97a13538df48f2.js.gz",
]
`;

exports[`when applied with \`algorithm\` option matches snapshot for \`gzip\` value: errors 1`] = `Array []`;

exports[`when applied with \`algorithm\` option matches snapshot for \`gzip\` value: warnings 1`] = `Array []`;

exports[`when applied with \`algorithm\` option matches snapshot for \`unknown\` value ({String}) 1`] = `"Algorithm not found in zlib"`;
