// Jest Snapshot v1, https://goo.gl/fbAQLP

exports[`when applied with \`cache\` option matches snapshot for \`false\` value: assets 1`] = `
Array [
  Array [
    "1.async.9ada34e1a37e6db8ef40.js",
    130,
  ],
  Array [
    "1.async.9ada34e1a37e6db8ef40.js.gz",
    117,
  ],
  Array [
    "5b1f36bc41ab31f5b801d48ba1d65781.png",
    78117,
  ],
  Array [
    "5b1f36bc41ab31f5b801d48ba1d65781.png.gz",
    73160,
  ],
  Array [
    "96621d3c37d96ad3bf792fcc848d912f.svg",
    672,
  ],
  Array [
    "96621d3c37d96ad3bf792fcc848d912f.svg.gz",
    393,
  ],
  Array [
    "js.f0111e97a13538df48f2.js",
    10212,
  ],
  Array [
    "js.f0111e97a13538df48f2.js.gz",
    2769,
  ],
]
`;

exports[`when applied with \`cache\` option matches snapshot for \`false\` value: errors 1`] = `Array []`;

exports[`when applied with \`cache\` option matches snapshot for \`false\` value: warnings 1`] = `Array []`;

exports[`when applied with \`cache\` option matches snapshot for \`true\` value: 1.async.9ada34e1a37e6db8ef40.js 1`] = `
Array [
  "1.async.9ada34e1a37e6db8ef40.js",
  "c19de9cd1850eadbe1cb6718a4fdf014",
]
`;

exports[`when applied with \`cache\` option matches snapshot for \`true\` value: 5b1f36bc41ab31f5b801d48ba1d65781.png 1`] = `
Array [
  "5b1f36bc41ab31f5b801d48ba1d65781.png",
  "09a1a1112c577c2794359715edfcb5ac",
]
`;

exports[`when applied with \`cache\` option matches snapshot for \`true\` value: 96621d3c37d96ad3bf792fcc848d912f.svg 1`] = `
Array [
  "96621d3c37d96ad3bf792fcc848d912f.svg",
  "23fc1d3ac606d117e05a140e0de79806",
]
`;

exports[`when applied with \`cache\` option matches snapshot for \`true\` value: assets 1`] = `
Array [
  Array [
    "1.async.9ada34e1a37e6db8ef40.js",
    130,
  ],
  Array [
    "1.async.9ada34e1a37e6db8ef40.js.gz",
    117,
  ],
  Array [
    "5b1f36bc41ab31f5b801d48ba1d65781.png",
    78117,
  ],
  Array [
    "5b1f36bc41ab31f5b801d48ba1d65781.png.gz",
    73160,
  ],
  Array [
    "96621d3c37d96ad3bf792fcc848d912f.svg",
    672,
  ],
  Array [
    "96621d3c37d96ad3bf792fcc848d912f.svg.gz",
    393,
  ],
  Array [
    "js.f0111e97a13538df48f2.js",
    10212,
  ],
  Array [
    "js.f0111e97a13538df48f2.js.gz",
    2769,
  ],
]
`;

exports[`when applied with \`cache\` option matches snapshot for \`true\` value: assets 2`] = `
Array [
  Array [
    "1.async.9ada34e1a37e6db8ef40.js",
    130,
  ],
  Array [
    "1.async.9ada34e1a37e6db8ef40.js.gz",
    117,
  ],
  Array [
    "5b1f36bc41ab31f5b801d48ba1d65781.png",
    78117,
  ],
  Array [
    "5b1f36bc41ab31f5b801d48ba1d65781.png.gz",
    73160,
  ],
  Array [
    "96621d3c37d96ad3bf792fcc848d912f.svg",
    672,
  ],
  Array [
    "96621d3c37d96ad3bf792fcc848d912f.svg.gz",
    393,
  ],
  Array [
    "js.f0111e97a13538df48f2.js",
    10212,
  ],
  Array [
    "js.f0111e97a13538df48f2.js.gz",
    2769,
  ],
]
`;

exports[`when applied with \`cache\` option matches snapshot for \`true\` value: errors 1`] = `Array []`;

exports[`when applied with \`cache\` option matches snapshot for \`true\` value: errors 2`] = `Array []`;

exports[`when applied with \`cache\` option matches snapshot for \`true\` value: js.f0111e97a13538df48f2.js 1`] = `
Array [
  "js.f0111e97a13538df48f2.js",
  "1c64a5f14981dc0e16e7e9ef6cb1d7e4",
]
`;

exports[`when applied with \`cache\` option matches snapshot for \`true\` value: warnings 1`] = `Array []`;

exports[`when applied with \`cache\` option matches snapshot for \`true\` value: warnings 2`] = `Array []`;
